// Jest Snapshot v1, https://goo.gl/fbAQLP

exports[`SurveyComponent renders properly test 1`] = `
<div
  className="not-hide"
>
  <div
    className="title-div"
  >
    <h1
      className="survey-title"
    >
      
    </h1>
    <h1
      className="survey-description"
    >
      
    </h1>
    <i
      className="copy"
      onClick={[Function]}
    >
      Copy link
    </i>
  </div>
  <div>
    <div
      className="question-box"
    >
      <h4>
        Ask a question
      </h4>
      <form
        onSubmit={[Function]}
      >
        <textarea
          id="questionBox"
          name="question"
          onChange={[Function]}
          value=""
        />
        <label
          htmlFor="questionBox"
        >
          
        </label>
        <input
          className="add-new-button"
          type="submit"
          value="Submit"
        />
      </form>
    </div>
  </div>
  <div
    className="responses"
  >
    <div
      aria-busy="true"
      className=""
      style={Object {}}
    >
      <svg
        aria-label="audio-loading"
        height={80}
        viewBox="0 0 38 38"
        width={80}
        xmlns="http://www.w3.org/2000/svg"
      >
        <defs>
          <linearGradient
            id="a"
            x1="8.042%"
            x2="65.682%"
            y1="0%"
            y2="23.865%"
          >
            <stop
              offset="0%"
              stopColor="#000000"
              stopOpacity="0"
            />
            <stop
              offset="63.146%"
              stopColor="#000000"
              stopOpacity=".631"
            />
            <stop
              offset="100%"
              stopColor="#000000"
            />
          </linearGradient>
        </defs>
        <g
          fill="none"
          fillRule="evenodd"
        >
          <g
            transform="translate(1 1)"
          >
            <path
              d="M36 18c0-9.94-8.06-18-18-18"
              id="Oval-2"
              stroke="#000000"
              strokeWidth="2"
            >
              <animateTransform
                attributeName="transform"
                dur="0.9s"
                from="0 18 18"
                repeatCount="indefinite"
                to="360 18 18"
                type="rotate"
              />
            </path>
            <circle
              cx="36"
              cy="18"
              fill="#fff"
              r={1}
            >
              <animateTransform
                attributeName="transform"
                dur="0.9s"
                from="0 18 18"
                repeatCount="indefinite"
                to="360 18 18"
                type="rotate"
              />
            </circle>
          </g>
        </g>
      </svg>
    </div>
  </div>
</div>
`;
